// Vitest Snapshot v1, https://vitest.dev/guide/snapshot.html

exports[`SignalMapSvg visual contract > keeps the map canvas and equivalent controls structurally stable 1`] = `
<section
  aria-labelledby="signalMapTitle"
  class="signal-map"
>
  <div
    class="signal-map-header"
  >
    <div>
      <p
        class="eyebrow"
      >
        EXPLORE THE FIELD
      </p>
      <h2
        id="signalMapTitle"
      >
        Today’s constellation.
      </h2>
      <p>
        Threads show approved relationships. Select a thread to see why it exists.
      </p>
    </div>
    <span
      class="map-count"
    >
      2
       nodes ·
      1
       links
    </span>
  </div>
  <div
    aria-label="Signal Field controls"
    class="map-controls"
  >
    <div
      aria-label="Filter relationships"
      class="relationship-filters"
    >
      <button
        aria-pressed="true"
        class="map-control active"
        type="button"
      >
        All threads
      </button>
      <button
        aria-pressed="false"
        class="map-control"
        type="button"
      >
        Corroborates
      </button>
      <button
        aria-pressed="false"
        class="map-control"
        type="button"
      >
        Contradicts
      </button>
      <button
        aria-pressed="false"
        class="map-control"
        type="button"
      >
        Depends on
      </button>
      <button
        aria-pressed="false"
        class="map-control"
        type="button"
      >
        Consequence of
      </button>
    </div>
    <button
      aria-pressed="false"
      class="map-control guided"
      type="button"
    >
      Follow the disturbance ↗
    </button>
  </div>
  <div
    aria-label="Relationship legend"
    class="map-legend"
  >
    <span>
      <i
        class="legend-line same_event"
      />
      Same event
    </span>
    <span>
      <i
        class="legend-line corroborates"
      />
      Corroborates
    </span>
    <span>
      <i
        class="legend-line contradicts"
      />
      Contradicts
    </span>
    <span>
      <i
        class="legend-line consequence_of"
      />
      Consequence
    </span>
  </div>
  <div
    class="map-canvas"
  >
    <svg
      aria-labelledby="signalMapTitle signalMapDescription"
      role="img"
      viewBox="0 0 680 360"
    >
      <desc
        id="signalMapDescription"
      >
        An interactive map of today’s approved AI stories. The text list below is an equivalent accessible view.
      </desc>
      <line
        class="map-edge same_event"
        x1="406.42168848643666"
        x2="273.57831151356334"
        y1="180.00000000024357"
        y2="179.99999999975645"
      />
      <g
        aria-label="Open story: Research signal"
        class="map-node"
        role="button"
        tabindex="0"
      >
        <circle
          cx="406.42168848643666"
          cy="180.00000000024357"
          r="14"
        />
        <text
          text-anchor="middle"
          x="406.42168848643666"
          y="214.00000000024357"
        >
          Research signal
        </text>
      </g>
      <g
        aria-label="Open story: Product signal"
        class="map-node"
        role="button"
        tabindex="0"
      >
        <circle
          cx="273.57831151356334"
          cy="179.99999999975645"
          r="14"
        />
        <text
          text-anchor="middle"
          x="273.57831151356334"
          y="213.99999999975645"
        >
          Product signal
        </text>
      </g>
    </svg>
  </div>
  <div
    aria-label="Accessible story list"
    class="map-list"
  >
    <button
      aria-pressed="false"
      class="map-list-item"
      type="button"
    >
      Research signal
      <span>
        research
      </span>
    </button>
    <button
      aria-pressed="false"
      class="map-list-item"
      type="button"
    >
      Product signal
      <span>
        product
      </span>
    </button>
  </div>
  <div
    aria-label="Accessible relationship explanations"
    class="map-relationships"
  >
    <p
      class="signal-label"
    >
      WHY THESE SIGNALS CONNECT
    </p>
    <button
      class="relationship-explanation"
      type="button"
    >
      <span>
        Research signal
         →
        Product signal
      </span>
      <strong>
        Same event
      </strong>
      <small>
        same event
      </small>
    </button>
  </div>
</section>
`;
